Copyright 1986-2018 Xilinx, Inc. All Rights Reserved.
---------------------------------------------------------------------------------------------------------------
| Tool Version : Vivado v.2018.3 (win64) Build 2405991 Thu Dec  6 23:38:27 MST 2018
| Date         : Wed Nov  9 15:29:37 2022
| Host         : DESKTOP-SDU4IM6 running 64-bit major release  (build 9200)
| Command      : report_drc -file pingpong_drc_opted.rpt -pb pingpong_drc_opted.pb -rpx pingpong_drc_opted.rpx
| Design       : pingpong
| Device       : xc7z020clg484-3
| Speed File   : -3
| Design State : Synthesized
---------------------------------------------------------------------------------------------------------------

Report DRC

Table of Contents
-----------------
1. REPORT SUMMARY
2. REPORT DETAILS

1. REPORT SUMMARY
-----------------
            Netlist: netlist
          Floorplan: design_1
      Design limits: <entire design considered>
           Ruledeck: default
             Max violations: <unlimited>
             Violations found: 3
+-------------+----------+-------------------------------------------------------------+------------+
| Rule        | Severity | Description                                                 | Violations |
+-------------+----------+-------------------------------------------------------------+------------+
| PLHOLDVIO-2 | Warning  | Non-Optimal connections which could lead to hold violations | 2          |
| ZPS7-1      | Warning  | PS7 block required                                          | 1          |
+-------------+----------+-------------------------------------------------------------+------------+

2. REPORT DETAILS
-----------------
PLHOLDVIO-2#1 Warning
Non-Optimal connections which could lead to hold violations  
A LUT LED_reg2[7]_i_3 is driving clock pin of 8 cells. This could lead to large hold time violations. Involved cells are:
LED_reg2_reg[0], LED_reg2_reg[1], LED_reg2_reg[2], LED_reg2_reg[3], LED_reg2_reg[4], LED_reg2_reg[5], LED_reg2_reg[6], LED_reg2_reg[7]
Related violations: <none>

PLHOLDVIO-2#2 Warning
Non-Optimal connections which could lead to hold violations  
A LUT LED_reg3[7]_i_3 is driving clock pin of 8 cells. This could lead to large hold time violations. Involved cells are:
LED_reg3_reg[0], LED_reg3_reg[1], LED_reg3_reg[2], LED_reg3_reg[3], LED_reg3_reg[4], LED_reg3_reg[5], LED_reg3_reg[6], LED_reg3_reg[7]
Related violations: <none>

ZPS7-1#1 Warning
PS7 block required  
The PS7 cell must be used in this Zynq design in order to enable correct default configuration.
Related violations: <none>


